PS C:\projectsjava\job4j_tracker> jstat -gc -t 12928 10s 60
Timestamp           S0C         S1C         S0U         S1U          EC           EU           OC           OU          MC         MU       CCSC      CC
SU     YGC     YGCT     FGC    FGCT     CGC    CGCT       GCT
           84,1         0,0         0,0         0,0         0,0      14336,0       3072,0     114688,0          0,0        0,0        0,0       0,0
  0,0      0     0,000     0     0,000     0     0,000     0,000
           94,1         0,0         0,0         0,0         0,0      14336,0       3072,0     114688,0          0,0        0,0        0,0       0,0
  0,0      0     0,000     0     0,000     0     0,000     0,000
          104,1         0,0      2048,0         0,0      2048,0      14336,0       7168,0     112640,0      11264,0     1472,0     1339,6     192,0
120,7      2     0,021     0     0,000     0     0,000     0,021
          114,1         0,0      2048,0         0,0      2048,0      22528,0      15360,0     104448,0      22516,5     1472,0     1339,7     192,0
120,7      3     0,039     0     0,000     0     0,000     0,039
          124,1         0,0      2048,0         0,0      2048,0      22528,0      15360,0     104448,0      22516,5     1472,0     1339,7     192,0
120,7      3     0,039     0     0,000     0     0,000     0,039
          134,1         0,0      2048,0         0,0      2048,0      22528,0      15360,0     104448,0      22516,5     1472,0     1339,7     192,0
120,7      3     0,039     0     0,000     0     0,000     0,039
          144,1         0,0      2048,0         0,0      2048,0      22528,0      15360,0     104448,0      22516,5     1472,0     1339,7     192,0
120,7      3     0,039     0     0,000     0     0,000     0,039
