[0.025s][info][gc] Using Serial
[0.520s][info][gc] GC(0) Pause Young (Allocation Failure) 67M->65M(121M) 107.789ms
[0.681s][info][gc] GC(1) Pause Young (Allocation Failure) 98M->98M(132M) 109.687ms
[0.873s][info][gc] GC(2) Pause Full (Allocation Failure) 98M->98M(228M) 191.829ms
[1.218s][info][gc] GC(3) Pause Young (Allocation Failure) 157M->156M(228M) 222.954ms
[1.492s][info][gc] GC(4) Pause Young (Allocation Failure) 219M->219M(283M) 224.543ms
[2.158s][info][gc] GC(5) Pause Full (Allocation Failure) 219M->219M(512M) 666.107ms
[31.324s][info][gc] GC(6) Pause Young (Allocation Failure) 353M->281M(512M) 386.344ms
[78.199s][info][gc] GC(7) Pause Young (Allocation Failure) 423M->281M(512M) 73.830ms
[115.071s][info][gc] GC(8) Pause Young (Allocation Failure) 423M->281M(512M) 0.750ms
[145.896s][info][gc] GC(9) Pause Young (Allocation Failure) 423M->281M(512M) 0.586ms
[169.509s][info][gc] GC(10) Pause Young (Allocation Failure) 423M->281M(512M) 0.558ms
[192.274s][info][gc] GC(11) Pause Young (Allocation Failure) 423M->281M(512M) 0.667ms
[219.381s][info][gc] GC(12) Pause Young (Allocation Failure) 423M->281M(512M) 0.977ms
[249.210s][info][gc] GC(13) Pause Young (Allocation Failure) 423M->281M(512M) 1.375ms
[280.256s][info][gc] GC(14) Pause Young (Allocation Failure) 423M->281M(512M) 0.766ms
[306.637s][info][gc] GC(15) Pause Young (Allocation Failure) 423M->281M(512M) 0.952ms
[332.495s][info][gc] GC(16) Pause Young (Allocation Failure) 423M->281M(512M) 0.812ms
[357.664s][info][gc] GC(17) Pause Young (Allocation Failure) 423M->281M(512M) 0.674ms
[382.363s][info][gc] GC(18) Pause Young (Allocation Failure) 423M->281M(512M) 0.690ms
[408.928s][info][gc] GC(19) Pause Young (Allocation Failure) 423M->281M(512M) 0.940ms
[435.634s][info][gc] GC(20) Pause Young (Allocation Failure) 423M->281M(512M) 0.587ms
[461.759s][info][gc] GC(21) Pause Young (Allocation Failure) 423M->281M(512M) 0.665ms
[487.083s][info][gc] GC(22) Pause Young (Allocation Failure) 423M->281M(512M) 0.663ms
[514.890s][info][gc] GC(23) Pause Young (Allocation Failure) 423M->281M(512M) 0.763ms
[540.555s][info][gc] GC(24) Pause Young (Allocation Failure) 423M->281M(512M) 0.772ms
[564.908s][info][gc] GC(25) Pause Young (Allocation Failure) 423M->281M(512M) 0.674ms
[591.296s][info][gc] GC(26) Pause Young (Allocation Failure) 423M->281M(512M) 0.718ms
[616.653s][info][gc] GC(27) Pause Young (Allocation Failure) 423M->281M(512M) 0.536ms
[638.519s][info][gc] GC(28) Pause Young (Allocation Failure) 423M->281M(512M) 0.693ms
[669.990s][info][gc] GC(29) Pause Young (Allocation Failure) 423M->281M(512M) 0.607ms
[702.807s][info][gc] GC(30) Pause Young (Allocation Failure) 423M->281M(512M) 0.711ms
[734.161s][info][gc] GC(31) Pause Young (Allocation Failure) 423M->281M(512M) 0.705ms
[772.954s][info][gc] GC(32) Pause Young (Allocation Failure) 423M->281M(512M) 0.712ms
[810.207s][info][gc] GC(33) Pause Young (Allocation Failure) 423M->281M(512M) 0.600ms
[846.796s][info][gc] GC(34) Pause Young (Allocation Failure) 423M->281M(512M) 0.765ms
[888.554s][info][gc] GC(35) Pause Young (Allocation Failure) 423M->281M(512M) 0.720ms
[926.606s][info][gc] GC(36) Pause Young (Allocation Failure) 423M->281M(512M) 0.833ms
[961.367s][info][gc] GC(37) Pause Young (Allocation Failure) 423M->281M(512M) 0.680ms
[1000.331s][info][gc] GC(38) Pause Young (Allocation Failure) 423M->281M(512M) 1.226ms
[1042.884s][info][gc] GC(39) Pause Young (Allocation Failure) 423M->281M(512M) 0.812ms
[1079.089s][info][gc] GC(40) Pause Young (Allocation Failure) 423M->281M(512M) 0.875ms
[1118.308s][info][gc] GC(41) Pause Young (Allocation Failure) 423M->281M(512M) 0.844ms
[1154.942s][info][gc] GC(42) Pause Young (Allocation Failure) 423M->310M(512M) 75.406ms
[1156.480s][info][gc] GC(43) Pause Young (Allocation Failure) 452M->440M(581M) 439.415ms
[1157.537s][info][gc] GC(44) Pause Full (Allocation Failure) 440M->440M(1021M) 1056.374ms
[1158.935s][info][gc] GC(45) Pause Young (Allocation Failure) 704M->502M(1021M) 548.070ms
[1159.774s][info][gc] GC(46) Pause Young (Allocation Failure) 784M->569M(1021M) 365.812ms
[1163.123s][info][gc] GC(47) Pause Young (Allocation Failure) 851M->588M(1021M) 229.499ms
[1166.326s][info][gc] GC(48) Pause Young (Allocation Failure) 870M->588M(1021M) 63.463ms
[1169.394s][info][gc] GC(49) Pause Young (Allocation Failure) 870M->640M(1021M) 169.368ms
[1171.167s][info][gc] GC(50) Pause Young (Allocation Failure) 922M->786M(1068M) 482.339ms
[1172.767s][info][gc] GC(51) Pause Full (Allocation Failure) 786M->479M(1158M) 1600.265ms
[1173.483s][info][gc] GC(52) Pause Young (Allocation Failure) 798M->556M(1158M) 252.829ms
[1175.734s][info][gc] GC(53) Pause Young (Allocation Failure) 875M->589M(1158M) 229.457ms
[1179.032s][info][gc] GC(54) Pause Young (Allocation Failure) 909M->589M(1158M) 82.812ms
[1183.345s][info][gc] GC(55) Pause Young (Allocation Failure) 909M->691M(1158M) 223.609ms
[1184.299s][info][gc] GC(56) Pause Young (Allocation Failure) 1011M->808M(1158M) 374.583ms
[1185.096s][info][gc] GC(57) Pause Young (Allocation Failure) 1128M->884M(1204M) 340.995ms
[1186.737s][info][gc] GC(58) Pause Full (Allocation Failure) 884M->576M(1393M) 1641.045ms
[1190.267s][info][gc] GC(59) Pause Young (Allocation Failure) 960M->588M(1393M) 53.401ms
[1194.625s][info][gc] GC(60) Pause Young (Allocation Failure) 972M->596M(1393M) 47.830ms
[1196.452s][info][gc] GC(61) Pause Young (Allocation Failure) 980M->799M(1393M) 496.803ms
[1197.435s][info][gc] GC(62) Pause Young (Allocation Failure) 1183M->890M(1393M) 380.167ms
[1201.286s][info][gc] GC(63) Pause Young (Allocation Failure) 1274M->895M(1393M) 162.379ms
[1206.184s][info][gc] GC(64) Pause Young (Allocation Failure) 1279M->931M(1393M) 116.338ms
[1208.457s][info][gc] GC(65) Pause Young (Allocation Failure) 1316M->1113M(1497M) 581.462ms
[1210.056s][info][gc] GC(66) Pause Full (Allocation Failure) 1113M->499M(1393M) 1598.229ms
[1211.238s][info][gc] GC(67) Pause Young (Allocation Failure) 884M->590M(1393M) 417.331ms
[1216.855s][info][gc] GC(68) Pause Young (Allocation Failure) 975M->590M(1393M) 153.243ms
[1228.814s][info][gc] GC(69) Pause Young (Allocation Failure) 975M->590M(1393M) 1.106ms
[1265.946s][info][gc] GC(70) Pause Young (Allocation Failure) 975M->590M(1393M) 0.954ms
[1294.540s][info][gc] GC(71) Pause Young (Allocation Failure) 975M->590M(1393M) 1.175ms
[1321.954s][info][gc] GC(72) Pause Young (Allocation Failure) 975M->590M(1393M) 1.314ms
[1349.763s][info][gc] GC(73) Pause Young (Allocation Failure) 975M->590M(1393M) 1.335ms
[1381.333s][info][gc] GC(74) Pause Young (Allocation Failure) 975M->590M(1393M) 1.187ms
[1411.313s][info][gc] GC(75) Pause Young (Allocation Failure) 975M->590M(1393M) 1.158ms
[1442.408s][info][gc] GC(76) Pause Young (Allocation Failure) 975M->590M(1393M) 1.174ms
[1536.850s][info][gc] GC(77) Pause Young (Allocation Failure) 975M->590M(1393M) 0.946ms
[1651.173s][info][gc] GC(78) Pause Young (Allocation Failure) 975M->590M(1393M) 1.102ms
[1764.860s][info][gc] GC(79) Pause Young (Allocation Failure) 975M->590M(1393M) 0.922ms
